/workspace/scratch/ec5ba60588d8/jovovich/deps/notorch/gguf.c: In function ‘gguf_print_info’:
/workspace/scratch/ec5ba60588d8/jovovich/deps/notorch/gguf.c:777:26: warning: format ‘%llu’ expects argument of type ‘long long unsigned int’, but argument 3 has type ‘uint64_t’ {aka ‘long unsigned int’} [-Wformat=]
  777 |     printf("GGUF v%d: %llu tensors, %llu metadata\n", gf->version, gf->n_tensors, gf->n_kv);
      |                       ~~~^                                         ~~~~~~~~~~~~~
      |                          |                                           |
      |                          long long unsigned int                      uint64_t {aka long unsigned int}
      |                       %lu
/workspace/scratch/ec5ba60588d8/jovovich/deps/notorch/gguf.c:777:40: warning: format ‘%llu’ expects argument of type ‘long long unsigned int’, but argument 4 has type ‘uint64_t’ {aka ‘long unsigned int’} [-Wformat=]
  777 |     printf("GGUF v%d: %llu tensors, %llu metadata\n", gf->version, gf->n_tensors, gf->n_kv);
      |                                     ~~~^                                          ~~~~~~~~
      |                                        |                                            |
      |                                        long long unsigned int                       uint64_t {aka long unsigned int}
      |                                     %lu
/workspace/scratch/ec5ba60588d8/jovovich/deps/notorch/gguf.c:790:24: warning: format ‘%llu’ expects argument of type ‘long long unsigned int’, but argument 2 has type ‘uint64_t’ {aka ‘long unsigned int’} [-Wformat=]
  790 |         printf("  [%2llu] %-40s %s  [", i, ti->name, dn);
      |                    ~~~~^                ~
      |                        |                |
      |                        |                uint64_t {aka long unsigned int}
      |                        long long unsigned int
      |                    %2lu
/workspace/scratch/ec5ba60588d8/jovovich/deps/notorch/gguf.c:792:24: warning: format ‘%llu’ expects argument of type ‘long long unsigned int’, but argument 2 has type ‘uint64_t’ {aka ‘long unsigned int’} [-Wformat=]
  792 |             printf("%llu%s", ti->shape[d], d < ti->ndim - 1 ? "," : "");
      |                     ~~~^     ~~~~~~~~~~~~
      |                        |              |
      |                        |              uint64_t {aka long unsigned int}
      |                        long long unsigned int
      |                     %lu
/workspace/scratch/ec5ba60588d8/jovovich/deps/notorch/gguf.c:796:25: warning: format ‘%llu’ expects argument of type ‘long long unsigned int’, but argument 2 has type ‘uint64_t’ {aka ‘long unsigned int’} [-Wformat=]
  796 |     printf("  total: %llu elements\n", total_params);
      |                      ~~~^              ~~~~~~~~~~~~
      |                         |              |
      |                         |              uint64_t {aka long unsigned int}
      |                         long long unsigned int
      |                      %lu
/workspace/scratch/ec5ba60588d8/jovovich/deps/notorch/gguf.c: In function ‘gguf_open’:
/workspace/scratch/ec5ba60588d8/jovovich/deps/notorch/gguf.c:129:13: warning: ‘__builtin___strncpy_chk’ output may be truncated copying 127 bytes from a string of length 511 [-Wstringop-truncation]
  129 |             strncpy(kv->key, key, GGUF_MAX_NAME - 1);
      |             ^
